// Jest Snapshot v1, https://goo.gl/fbAQLP

exports[`HomeScreen 컴포넌트 테스트 컴포넌트 렌더링 테스트 1`] = `
<RCTSafeAreaView
  style={
    {
      "alignItems": "center",
      "flex": 1,
      "justifyContent": "center",
    }
  }
>
  <Text
    style={
      {
        "color": "#4CAF50",
        "fontSize": 24,
        "fontWeight": "bold",
        "marginBottom": 16,
      }
    }
  >
    CLASSTING QUIZ
  </Text>
  <View
    style={
      {
        "marginVertical": 8,
        "width": "80%",
      }
    }
  >
    <View
      accessibilityState={
        {
          "busy": undefined,
          "checked": undefined,
          "disabled": undefined,
          "expanded": undefined,
          "selected": undefined,
        }
      }
      accessibilityValue={
        {
          "max": undefined,
          "min": undefined,
          "now": undefined,
          "text": undefined,
        }
      }
      accessible={true}
      collapsable={false}
      focusable={true}
      onClick={[Function]}
      onResponderGrant={[Function]}
      onResponderMove={[Function]}
      onResponderRelease={[Function]}
      onResponderTerminate={[Function]}
      onResponderTerminationRequest={[Function]}
      onStartShouldSetResponder={[Function]}
      style={
        {
          "alignItems": "center",
          "backgroundColor": "#4CAF50",
          "borderRadius": 16,
          "fontSize": 18,
          "marginVertical": 8,
          "opacity": 1,
          "paddingHorizontal": 24,
          "paddingVertical": 16,
        }
      }
    >
      <Text
        style={
          {
            "color": "#FFFFFF",
            "fontSize": 22,
          }
        }
      >
        퀴즈 풀기
      </Text>
    </View>
  </View>
  <View
    style={
      {
        "marginVertical": 8,
        "width": "80%",
      }
    }
  >
    <View
      accessibilityState={
        {
          "busy": undefined,
          "checked": undefined,
          "disabled": undefined,
          "expanded": undefined,
          "selected": undefined,
        }
      }
      accessibilityValue={
        {
          "max": undefined,
          "min": undefined,
          "now": undefined,
          "text": undefined,
        }
      }
      accessible={true}
      collapsable={false}
      focusable={true}
      onClick={[Function]}
      onResponderGrant={[Function]}
      onResponderMove={[Function]}
      onResponderRelease={[Function]}
      onResponderTerminate={[Function]}
      onResponderTerminationRequest={[Function]}
      onStartShouldSetResponder={[Function]}
      style={
        {
          "alignItems": "center",
          "backgroundColor": "#4CAF50",
          "borderRadius": 16,
          "fontSize": 18,
          "marginVertical": 8,
          "opacity": 1,
          "paddingHorizontal": 24,
          "paddingVertical": 16,
        }
      }
    >
      <Text
        style={
          {
            "color": "#FFFFFF",
            "fontSize": 22,
          }
        }
      >
        오답 노트 확인
      </Text>
    </View>
  </View>
</RCTSafeAreaView>
`;

exports[`HomeScreen 컴포넌트 테스트 컴포넌트 스냅샷 테스트 1`] = `
<RCTSafeAreaView
  style={
    {
      "alignItems": "center",
      "flex": 1,
      "justifyContent": "center",
    }
  }
>
  <Text
    style={
      {
        "color": "#4CAF50",
        "fontSize": 24,
        "fontWeight": "bold",
        "marginBottom": 16,
      }
    }
  >
    CLASSTING QUIZ
  </Text>
  <View
    style={
      {
        "marginVertical": 8,
        "width": "80%",
      }
    }
  >
    <View
      accessibilityState={
        {
          "busy": undefined,
          "checked": undefined,
          "disabled": undefined,
          "expanded": undefined,
          "selected": undefined,
        }
      }
      accessibilityValue={
        {
          "max": undefined,
          "min": undefined,
          "now": undefined,
          "text": undefined,
        }
      }
      accessible={true}
      collapsable={false}
      focusable={true}
      onClick={[Function]}
      onResponderGrant={[Function]}
      onResponderMove={[Function]}
      onResponderRelease={[Function]}
      onResponderTerminate={[Function]}
      onResponderTerminationRequest={[Function]}
      onStartShouldSetResponder={[Function]}
      style={
        {
          "alignItems": "center",
          "backgroundColor": "#4CAF50",
          "borderRadius": 16,
          "fontSize": 18,
          "marginVertical": 8,
          "opacity": 1,
          "paddingHorizontal": 24,
          "paddingVertical": 16,
        }
      }
    >
      <Text
        style={
          {
            "color": "#FFFFFF",
            "fontSize": 22,
          }
        }
      >
        퀴즈 풀기
      </Text>
    </View>
  </View>
  <View
    style={
      {
        "marginVertical": 8,
        "width": "80%",
      }
    }
  >
    <View
      accessibilityState={
        {
          "busy": undefined,
          "checked": undefined,
          "disabled": undefined,
          "expanded": undefined,
          "selected": undefined,
        }
      }
      accessibilityValue={
        {
          "max": undefined,
          "min": undefined,
          "now": undefined,
          "text": undefined,
        }
      }
      accessible={true}
      collapsable={false}
      focusable={true}
      onClick={[Function]}
      onResponderGrant={[Function]}
      onResponderMove={[Function]}
      onResponderRelease={[Function]}
      onResponderTerminate={[Function]}
      onResponderTerminationRequest={[Function]}
      onStartShouldSetResponder={[Function]}
      style={
        {
          "alignItems": "center",
          "backgroundColor": "#4CAF50",
          "borderRadius": 16,
          "fontSize": 18,
          "marginVertical": 8,
          "opacity": 1,
          "paddingHorizontal": 24,
          "paddingVertical": 16,
        }
      }
    >
      <Text
        style={
          {
            "color": "#FFFFFF",
            "fontSize": 22,
          }
        }
      >
        오답 노트 확인
      </Text>
    </View>
  </View>
</RCTSafeAreaView>
`;
